     1                                 %line 1+1 exit.asm
     2                                 [segment .text]
     3                                 [global _start]
     4                                 _start:
     5 00000000 B801000000             mov eax,1
     6 00000005 BBFFFFFFFF             mov ebx,-1
     7 0000000A CD80                   int 0x80
     8                                 
     9                                 
    10                                 
    11                                 
    12                                 
    13                                 
    14                                 
    15                                 
    16                                 
    17                                 
    18                                 
    19                                 
    20                                 
    21                                 
    22                                 
    23                                 
    24                                 
    25                                 
    26                                 
    27                                 
    28                                 
